// Jest Snapshot v1, https://goo.gl/fbAQLP

exports[`Testing Loading Spinner Show modal with different content 1`] = `undefined`;

exports[`examples of some things 1`] = `undefined`;
